** Drc report for clock-gen-main-board.kicad_pcb **
** Created on 2026-06-05T21:34:31 **
** Report includes: Errors, Warnings, Exclusions **

** Found 14 DRC violations **
[silk_over_copper]: Silkscreen clipped by solder mask
    Local override; warning
    @(109.4000 mm, 118.0000 mm): Segment on B.Silkscreen
    @(107.3000 mm, 117.9750 mm): PTH pad 1 [GND] of H1
[silk_over_copper]: Silkscreen clipped by solder mask
    Local override; warning
    @(109.4000 mm, 120.0000 mm): Segment on B.Silkscreen
    @(114.5600 mm, 120.3000 mm): PTH pad G3 [GND] of J2
[silk_over_copper]: Silkscreen clipped by solder mask
    Local override; warning
    @(106.0000 mm, 118.0000 mm): PCB text '37.4mm' on B.Silkscreen
    @(107.3000 mm, 117.9750 mm): PTH pad 1 [GND] of H1
[silk_over_copper]: Silkscreen clipped by solder mask
    Local override; warning
    @(106.0000 mm, 120.0000 mm): PCB text '31.7mm' on B.Silkscreen
    @(107.3000 mm, 117.9750 mm): PTH pad 1 [GND] of H1
[silk_over_copper]: Silkscreen clipped by solder mask
    Local override; warning
    @(119.0000 mm, 120.0000 mm): Segment on B.Silkscreen
    @(119.6400 mm, 120.3000 mm): PTH pad G4 [GND] of J2
[silk_over_copper]: Silkscreen clipped by solder mask
    Local override; warning
    @(119.0000 mm, 120.0000 mm): Segment on B.Silkscreen
    @(126.0600 mm, 120.3000 mm): PTH pad G3 [GND] of J1
[silk_over_copper]: Silkscreen clipped by solder mask
    Local override; warning
    @(129.0000 mm, 118.0000 mm): Segment on B.Silkscreen
    @(128.6000 mm, 117.7600 mm): PTH pad 1 [Net-(U2-CLK0)] of J1
[silk_over_copper]: Silkscreen clipped by solder mask
    Local override; warning
    @(129.0000 mm, 120.0000 mm): Segment on B.Silkscreen
    @(131.1400 mm, 120.3000 mm): PTH pad G4 [GND] of J1
[silk_over_copper]: Silkscreen clipped by solder mask
    Local override; warning
    @(109.4000 mm, 114.2000 mm): Segment on B.Silkscreen
    @(119.6400 mm, 115.2200 mm): PTH pad G2 [GND] of J2
[silk_over_copper]: Silkscreen clipped by solder mask
    Local override; warning
    @(109.4000 mm, 114.2000 mm): Segment on B.Silkscreen
    @(114.5600 mm, 115.2200 mm): PTH pad G1 [GND] of J2
[silk_over_copper]: Silkscreen clipped by solder mask
    Local override; warning
    @(109.4000 mm, 114.2000 mm): Segment on B.Silkscreen
    @(126.0600 mm, 115.2200 mm): PTH pad G1 [GND] of J1
[silk_over_copper]: Silkscreen clipped by solder mask
    Local override; warning
    @(109.4000 mm, 114.2000 mm): Segment on B.Silkscreen
    @(131.1400 mm, 115.2200 mm): PTH pad G2 [GND] of J1
[silk_edge_clearance]: Silkscreen clipped by board edge
    Rule: board setup constraints silk; warning
    @(98.0000 mm, 65.6000 mm): Segment on Edge.Cuts
    @(97.6000 mm, 95.9300 mm): Segment of U1 on F.Silkscreen
[silk_edge_clearance]: Silkscreen clipped by board edge
    Rule: board setup constraints silk; warning
    @(98.0000 mm, 65.6000 mm): Segment on Edge.Cuts
    @(97.6000 mm, 104.1500 mm): Segment of U1 on F.Silkscreen

** Found 0 unconnected pads **

** Found 0 Footprint errors **

** Ignored checks **
    - Footprint has no courtyard defined
    - Track endpoint not centered on via
    - Tuning profile track geometries
    - Footprint doesn't match symbol's footprint filters
    - PTH inside courtyard
    - NPTH inside courtyard
    - Footprint component type doesn't match footprint pads
    - Footprint doesn't match copy in library

** End of Report **
