ERC report (2026-06-05T21:34:21, Encoding UTF8)
Report includes: Errors, Warnings, Exclusions

***** Sheet /
[lib_symbol_mismatch]: Symbol 'RFPC-SMA28-F' doesn't match copy in library 'GDH Connectors'
    ; warning
    @(19.05 mm, 152.40 mm): Symbol J3 [RFPC-SMA28-F]
[lib_symbol_mismatch]: Symbol 'Raspberry Pi Pico' doesn't match copy in library 'GDH Modules'
    ; warning
    @(62.23 mm, 91.44 mm): Symbol U1 [Raspberry Pi Pico]
[pin_to_pin]: Pins of type Bidirectional and Power output are connected
    ; warning
    @(80.01 mm, 72.39 mm): Symbol U1 Pin 38 [GND, Bidirectional, Line]
    @(41.91 mm, 63.50 mm): Symbol #FLG03 Pin 1 [pwr, Power output, Line]
[lib_symbol_mismatch]: Symbol 'black-pcm1802-board' doesn't match copy in library 'GDH Modules'
    ; warning
    @(154.94 mm, 163.83 mm): Symbol U3 [black-pcm1802-board]
[lib_symbol_mismatch]: Symbol 'RFPC-SMA28-F' doesn't match copy in library 'GDH Connectors'
    ; warning
    @(195.58 mm, 64.77 mm): Symbol J2 [RFPC-SMA28-F]
[lib_symbol_mismatch]: Symbol 'RFPC-SMA28-F' doesn't match copy in library 'GDH Connectors'
    ; warning
    @(210.82 mm, 64.77 mm): Symbol J1 [RFPC-SMA28-F]
[lib_symbol_mismatch]: Symbol 'Adafruit_Si5351A' doesn't match copy in library 'GDH Modules'
    ; warning
    @(224.79 mm, 92.71 mm): Symbol U2 [Adafruit_Si5351A]

 ** ERC messages: 7  Errors 0  Warnings 7

 ** Ignored checks:
    - Global label only appears once in the schematic
    - Four connection points are joined together
    - SPICE model issue
    - Assigned footprint doesn't match footprint filters
