** Drc report for clockgen-main-board.kicad_pcb **
** Created on 2026-06-08T15:43:39 **
** Report includes: Errors, Warnings, Exclusions **

** Found 24 DRC violations **
[silk_over_copper]: Silkscreen clipped by solder mask
    Local override; warning
    @(112.0100 mm, 86.1200 mm): Footprint text of A1 (ADC_VREF)
    @(113.0800 mm, 91.2300 mm): Pad 35 [unconnected-(A1-ADC_VREF-Pad35)_1] of A1 on F.Cu
[silk_over_copper]: Silkscreen clipped by solder mask
    Local override; warning
    @(115.3660 mm, 87.0660 mm): Footprint text of A1 (GP28)
    @(115.6200 mm, 91.2300 mm): Pad 34 [unconnected-(A1-GPIO28_ADC2-Pad34)_1] of A1 on F.Cu
[silk_over_copper]: Silkscreen clipped by solder mask
    Local override; warning
    @(107.3100 mm, 86.4200 mm): Footprint text of A1 (3V3_EN)
    @(108.0000 mm, 91.2300 mm): Pad 37 [unconnected-(A1-3V3_EN-Pad37)_1] of A1 on F.Cu
[silk_over_copper]: Silkscreen clipped by solder mask
    Local override; warning
    @(138.5900 mm, 117.6095 mm): Footprint text of A3 (SCK)
    @(139.3520 mm, 122.4355 mm): PTH pad [<no net>] of A3
[silk_over_copper]: Silkscreen clipped by solder mask
    Local override; warning
    @(156.3700 mm, 117.6095 mm): Footprint text of A3 (3.3V)
    @(158.1480 mm, 122.4355 mm): PTH pad [<no net>] of A3
[silk_over_copper]: Silkscreen clipped by solder mask
    Local override; warning
    @(125.7800 mm, 112.9200 mm): Footprint text of A1 (GP8)
    @(126.0600 mm, 115.2200 mm): PTH pad 2 [GND] of J1
[silk_over_copper]: Silkscreen clipped by solder mask
    Local override; warning
    @(130.8600 mm, 112.9200 mm): Footprint text of A1 (GND)
    @(131.1400 mm, 115.2200 mm): PTH pad 2 [GND] of J1
[silk_over_copper]: Silkscreen clipped by solder mask
    Local override; warning
    @(133.4000 mm, 113.1740 mm): Footprint text of A1 (GP10)
    @(133.4000 mm, 109.0100 mm): Pad 14 [unconnected-(A1-GPIO10-Pad14)] of A1 on F.Cu
[silk_over_copper]: Silkscreen clipped by solder mask
    Local override; warning
    @(148.6400 mm, 87.0660 mm): Footprint text of A1 (GP16)
    @(148.6400 mm, 91.2300 mm): Pad 21 [Net-(A1-GPIO16)] of A1 on F.Cu
[silk_over_copper]: Silkscreen clipped by solder mask
    Local override; warning
    @(123.2400 mm, 87.0660 mm): Footprint text of A1 (GP26)
    @(123.2400 mm, 91.2300 mm): Pad 31 [unconnected-(A1-GPIO26_ADC0-Pad31)_1] of A1 on F.Cu
[silk_over_copper]: Silkscreen clipped by solder mask
    Local override; warning
    @(128.3200 mm, 87.0660 mm): Footprint text of A1 (GP22)
    @(128.3200 mm, 91.2300 mm): Pad 29 [unconnected-(A1-GPIO22-Pad29)_1] of A1 on F.Cu
[silk_over_copper]: Silkscreen clipped by solder mask
    Local override; warning
    @(133.4100 mm, 87.0660 mm): Footprint text of A1 (GP21)
    @(133.4000 mm, 91.2300 mm): Pad 27 [unconnected-(A1-GPIO21-Pad27)] of A1 on F.Cu
[silk_over_copper]: Silkscreen clipped by solder mask
    Local override; warning
    @(141.0200 mm, 87.0660 mm): Footprint text of A1 (GP18)
    @(141.0200 mm, 91.2300 mm): Pad 24 [/PCM.Data] of A1 on F.Cu
[silk_over_copper]: Silkscreen clipped by solder mask
    Local override; warning
    @(123.2100 mm, 112.8200 mm): Footprint text of A1 (GP7)
    @(123.2400 mm, 109.0100 mm): Pad 10 [unconnected-(A1-GPIO7-Pad10)] of A1 on F.Cu
[silk_overlap]: Silkscreen clearance
    Rule: board setup constraints silk; warning
    @(138.4800 mm, 113.0240 mm): Footprint text of A1 (GP15)
    @(109.4000 mm, 112.2000 mm): Segment on B.Silkscreen
[silk_overlap]: Silkscreen clearance
    Rule: board setup constraints silk; warning
    @(133.3209 mm, 114.2000 mm): Segment on B.Silkscreen
    @(138.4800 mm, 113.0240 mm): Footprint text of A1 (GP15)
[silk_overlap]: Silkscreen clearance
    Rule: board setup constraints silk; warning
    @(133.3209 mm, 114.2000 mm): Segment on B.Silkscreen
    @(141.0200 mm, 113.0700 mm): Footprint text of A1 (GP14)
[silk_overlap]: Silkscreen clearance
    Rule: board setup constraints silk; warning
    @(109.4000 mm, 112.2000 mm): Segment on B.Silkscreen
    @(141.0200 mm, 113.0700 mm): Footprint text of A1 (GP14)
[silk_overlap]: Silkscreen clearance
    Rule: board setup constraints silk; warning
    @(133.3209 mm, 114.2000 mm): Segment on B.Silkscreen
    @(146.1000 mm, 113.0240 mm): Footprint text of A1 (GP13)
[silk_overlap]: Silkscreen clearance
    Rule: board setup constraints silk; warning
    @(109.4000 mm, 112.2000 mm): Segment on B.Silkscreen
    @(146.1000 mm, 113.0240 mm): Footprint text of A1 (GP13)
[silk_overlap]: Silkscreen clearance
    Rule: board setup constraints silk; warning
    @(133.3209 mm, 114.2000 mm): Segment on B.Silkscreen
    @(148.6400 mm, 113.1700 mm): Footprint text of A1 (GP12)
[silk_overlap]: Silkscreen clearance
    Rule: board setup constraints silk; warning
    @(109.4000 mm, 112.2000 mm): Segment on B.Silkscreen
    @(148.6400 mm, 113.1700 mm): Footprint text of A1 (GP12)
[lib_footprint_mismatch]: Footprint 'D_SOD-123' does not match copy in library 'Diode_SMD'
    Local override; warning
    @(120.4965 mm, 83.9958 mm): Footprint D1
[lib_footprint_mismatch]: Footprint 'D_SOD-123' does not match copy in library 'Diode_SMD'
    Local override; warning
    @(147.2073 mm, 83.9882 mm): Footprint D2

** Found 0 unconnected pads **

** Found 0 Footprint errors **

** Ignored checks **
    - Footprint has no courtyard defined
    - Track endpoint not centered on via
    - Tuning profile track geometries
    - Footprint doesn't match symbol's footprint filters
    - Footprint component type doesn't match footprint pads

** End of Report **
