** Drc report for vt610ex-sc3a-clock-gen-adapter.kicad_pcb **
** Created on 2026-06-05T21:34:31 **
** Report includes: Errors, Warnings, Exclusions **

** Found 6 DRC violations **
[lib_footprint_mismatch]: Footprint 'C_0805_2012Metric_Pad1.18x1.45mm_HandSolder' does not match copy in library 'Capacitor_SMD'
    Local override; warning
    @(135.0000 mm, 84.1000 mm): Footprint C2
[lib_footprint_mismatch]: Footprint 'R_0805_2012Metric_Pad1.20x1.40mm_HandSolder' does not match copy in library 'Resistor_SMD'
    Local override; warning
    @(131.6000 mm, 82.0000 mm): Footprint R3
[lib_footprint_mismatch]: Footprint 'R_0805_2012Metric_Pad1.20x1.40mm_HandSolder' does not match copy in library 'Resistor_SMD'
    Local override; warning
    @(137.4000 mm, 84.1000 mm): Footprint R2
[lib_footprint_issues]: Footprint 'SMA_Samtec_SMA-J-P-X-ST-EM1_EdgeMount' not found in library 'Connector_Coaxial'
    Local override; warning
    @(142.9000 mm, 81.0000 mm): Footprint J30
[lib_footprint_mismatch]: Footprint 'R_0805_2012Metric_Pad1.20x1.40mm_HandSolder' does not match copy in library 'Resistor_SMD'
    Local override; warning
    @(136.2000 mm, 78.1000 mm): Footprint R1
[lib_footprint_mismatch]: Footprint 'C_0805_2012Metric_Pad1.18x1.45mm_HandSolder' does not match copy in library 'Capacitor_SMD'
    Local override; warning
    @(136.2000 mm, 80.7000 mm): Footprint C1

** Found 0 unconnected pads **

** Found 0 Footprint errors **

** Ignored checks **
    - Footprint has no courtyard defined
    - Track endpoint not centered on via
    - Tuning profile track geometries
    - Footprint doesn't match symbol's footprint filters
    - PTH inside courtyard
    - NPTH inside courtyard
    - Footprint component type doesn't match footprint pads

** End of Report **
